EVENT:JOIN;ID:0
EVENT:JOIN;ID:1
EVENT:MOVE;ID:0;POS:(0,1)
EVENT:MISS;FROM:0;DIR:up
EVENT:MOVE;ID:1;POS:(0,1)
EVENT:MISS;FROM:0;DIR:up
EVENT:QUIT;ID:0
[2026-04-30 21:31:06] EVENT:JOIN;ID:0
[2026-04-30 21:31:10] EVENT:JOIN;ID:1
[2026-04-30 21:31:27] EVENT:MOVE;ID:0;POS:(0,1)
[2026-04-30 21:31:31] EVENT:MISS;FROM:0;DIR:up
[2026-04-30 21:31:34] EVENT:QUIT;ID:0
[2026-04-30 21:32:11] EVENT:QUIT;ID:1
[2026-04-30 21:41:17] EVENT:JOIN;ID:0
[2026-04-30 21:41:21] EVENT:JOIN;ID:1
[2026-04-30 21:41:48] EVENT:MOVE;ID:0;POS:(0,1)
[2026-04-30 21:41:57] EVENT:MISS;FROM:0;DIR:up
[2026-04-30 21:41:59] EVENT:QUIT;ID:0
[2026-04-30 21:42:05] EVENT:QUIT;ID:1
[2026-04-30 21:42:55] EVENT:JOIN;ID:0
[2026-04-30 21:43:12] EVENT:JOIN;ID:0
[2026-04-30 21:43:23] EVENT:MOVE;ID:0;POS:(0,1)
[2026-04-30 21:43:26] EVENT:MISS;FROM:0;DIR:up
[2026-04-30 21:43:29] EVENT:QUIT;ID:0
[2026-04-30 22:01:54] EVENT:SERVER_START
[2026-04-30 22:02:05] EVENT:JOIN;ID:0
[2026-04-30 22:02:19] EVENT:JOIN;ID:1
[2026-04-30 22:02:31] EVENT:MOVE;ID:0;POS:(0,1)
[2026-04-30 22:02:39] EVENT:MISS;FROM:0;DIR:up
[2026-04-30 22:03:57] EVENT:QUIT;ID:0
[2026-04-30 22:07:18] EVENT:QUIT;ID:1
[2026-04-30 22:07:24] EVENT:SERVER_START
[2026-04-30 22:07:35] EVENT:SERVER_START
[2026-04-30 22:07:39] EVENT:JOIN;ID:0
[2026-04-30 22:07:44] EVENT:JOIN;ID:1
[2026-04-30 22:08:02] EVENT:MOVE;ID:0;POS:(0,1)
[2026-04-30 22:08:07] EVENT:MISS;FROM:0;DIR:up
[2026-04-30 22:08:33] EVENT:QUIT;ID:0
[2026-04-30 22:11:53] EVENT:QUIT;ID:1
[2026-04-30 22:12:12] EVENT:SERVER_START
[2026-04-30 22:12:19] EVENT:JOIN;ID:0
[2026-04-30 22:12:23] EVENT:JOIN;ID:1
[2026-04-30 22:12:40] EVENT:MOVE;ID:0;POS:(0,1)
[2026-04-30 22:12:42] EVENT:MISS;FROM:0;DIR:up
[2026-04-30 22:14:18] EVENT:QUIT;ID:0
[2026-04-30 22:14:22] EVENT:QUIT;ID:1
[2026-04-30 22:19:12] EVENT:SERVER_START
[2026-04-30 22:19:12] EVENT:JOIN;ID:0
[2026-04-30 22:19:13] EVENT:JOIN;ID:1
[2026-04-30 22:19:14] EVENT:JOIN;ID:2
[2026-04-30 22:19:15] EVENT:MOVE;ID:0;POS:(0,1)
[2026-04-30 22:19:17] EVENT:MOVE;ID:1;POS:(0,0)
[2026-04-30 22:19:19] EVENT:MISS;FROM:0;DIR:up
[2026-04-30 22:19:21] EVENT:MOVE;ID:1;POS:(0,1)
[2026-04-30 22:19:23] EVENT:MISS;FROM:0;DIR:up
[2026-04-30 22:24:12] EVENT:SERVER_START
[2026-04-30 22:24:19] EVENT:JOIN;ID:0
[2026-04-30 22:24:31] EVENT:JOIN;ID:1
[2026-04-30 22:24:43] EVENT:MOVE;ID:0;POS:(0,1)
[2026-04-30 22:24:52] EVENT:MOVE;ID:0;POS:(0,1)
[2026-04-30 22:25:00] EVENT:MISS;FROM:0;DIR:up
[2026-04-30 22:25:15] EVENT:MOVE;ID:1;POS:(0,0)
[2026-04-30 22:25:23] EVENT:MISS;FROM:1;DIR:down
[2026-04-30 22:25:43] EVENT:JOIN;ID:2
[2026-04-30 22:26:09] EVENT:MOVE;ID:0;POS:(1,1)
[2026-04-30 22:26:10] EVENT:MISS;FROM:0;DIR:up
[2026-04-30 22:26:22] EVENT:QUIT;ID:1
[2026-04-30 22:35:55] EVENT:JOIN;ID:1
[2026-04-30 22:35:55] EVENT:MOVE;ID:1;POS:(0,1)
[2026-04-30 22:35:55] EVENT:MISS;FROM:1;DIR:up
[2026-04-30 22:35:55] EVENT:QUIT;ID:1
[2026-04-30 22:36:19] EVENT:SERVER_START
[2026-04-30 22:36:20] EVENT:MOVE;ID:0;POS:(0,1)
[2026-04-30 22:38:13] EVENT:SERVER_START
[2026-04-30 22:38:14] SEQ:4;EVENT:QUIT;ID:0
[2026-04-30 22:40:15] EVENT:SERVER_START
[2026-04-30 22:40:16] SEQ:1;EVENT:JOIN;ID:0
[2026-04-30 22:40:16] SEQ:2;EVENT:MOVE;ID:0;POS:(0,1)
[2026-04-30 22:40:16] SEQ:3;EVENT:MISS;FROM:0;DIR:up
[2026-04-30 22:40:16] SEQ:4;EVENT:QUIT;ID:0
[2026-04-30 22:42:31] EVENT:SERVER_START
[2026-04-30 22:42:32] SEQ:1;EVENT:JOIN;ID:0
[2026-04-30 22:42:32] SEQ:2;EVENT:MOVE;ID:0;POS:(0,1)
[2026-04-30 22:42:32] SEQ:3;EVENT:MISS;FROM:0;DIR:up
[2026-04-30 22:42:32] SEQ:4;EVENT:QUIT;ID:0
[2026-04-30 22:50:38] EVENT:SERVER_START
[2026-04-30 22:50:39] SEQ:1;EVENT:JOIN;ID:0
[2026-04-30 22:50:39] SEQ:2;EVENT:MOVE;ID:0;POS:(0,1)
[2026-04-30 22:50:39] SEQ:3;EVENT:MISS;FROM:0;DIR:up
[2026-04-30 22:50:39] SEQ:4;EVENT:QUIT;ID:0
[2026-04-30 22:53:04] EVENT:SERVER_START
[2026-04-30 22:53:13] SEQ:1;EVENT:JOIN;ID:0
[2026-04-30 22:53:23] SEQ:2;EVENT:JOIN;ID:1
[2026-04-30 22:53:34] SEQ:3;EVENT:MOVE;ID:0;POS:(0,1)
[2026-04-30 22:53:37] SEQ:4;EVENT:MISS;FROM:0;DIR:up
[2026-04-30 22:54:07] SEQ:7;EVENT:QUIT;ID:1
[2026-04-30 22:56:55] EVENT:SERVER_START
[2026-04-30 22:57:05] SEQ:1;EVENT:JOIN;ID:0
[2026-04-30 22:57:13] SEQ:2;EVENT:JOIN;ID:1
[2026-04-30 22:57:24] SEQ:3;EVENT:MOVE;ID:1;POS:(0,1)
[2026-04-30 22:57:33] SEQ:4;EVENT:MOVE;ID:0;POS:(1,0)
[2026-04-30 22:57:36] SEQ:5;EVENT:MOVE;ID:0;POS:(1,1)
[2026-04-30 22:57:40] SEQ:6;EVENT:HIT;FROM:0;TO:1;HP:50
[2026-04-30 22:58:16] SEQ:8;EVENT:MOVE;ID:0;POS:(2,1)
[2026-04-30 22:58:18] SEQ:9;EVENT:QUIT;ID:0
